[debug] [2026-03-17T07:59:17.360Z] [Firebase Plugin] Activating Firebase extension.
[debug] [2026-03-17T07:59:30.703Z] [Firebase Plugin] requireAuthWrapper
[debug] [2026-03-17T07:59:30.707Z] > command requires scopes: ["email","openid","https://www.googleapis.com/auth/cloudplatformprojects.readonly","https://www.googleapis.com/auth/firebase","https://www.googleapis.com/auth/cloud-platform"]
[debug] [2026-03-17T07:59:30.708Z] > authorizing via signed-in user (aayutrack18@gmail.com)
[debug] [2026-03-17T07:59:30.716Z] Checked if tokens are valid: false, expires at: 1773689886321
[debug] [2026-03-17T07:59:30.717Z] Checked if tokens are valid: false, expires at: 1773689886321
[debug] [2026-03-17T07:59:30.719Z] > refreshing access token with scopes: []
[debug] [2026-03-17T07:59:30.724Z] >>> [apiv2][query] POST https://www.googleapis.com/oauth2/v3/token [none]
[debug] [2026-03-17T07:59:30.725Z] >>> [apiv2][body] POST https://www.googleapis.com/oauth2/v3/token [omitted]
[debug] [2026-03-17T07:59:30.765Z] [Firebase Plugin] VSCode notification server listening on port 40001
[info] [Firebase Plugin] Starting Data Connect toolkit (version 3.2.1) on port 50001
[debug] [2026-03-17T07:59:33.601Z] 'fdc build' failed with error: Unable to build your Data Connect schema and connectors (exit code 1): E0317 13:29:33.550639   16812 cmd.go:43] Error loading data connect config: could not find dataconnect.yaml in `d:\AAYUTRACK_merged_auth_profile\merged_project\dataconnect`
 {"metadata":{"emulator":{"name":"dataconnect"},"message":"'fdc build' failed with error: Unable to build your Data Connect schema and connectors (exit code 1): E0317 13:29:33.550639   16812 cmd.go:43] Error loading data connect config: could not find dataconnect.yaml in `d:\\AAYUTRACK_merged_auth_profile\\merged_project\\dataconnect`\n"}}
[debug] [2026-03-17T07:59:33.604Z] Ignoring unsupported arg: auto_download {"metadata":{"emulator":{"name":"dataconnect"},"message":"Ignoring unsupported arg: auto_download"}}
[debug] [2026-03-17T07:59:33.604Z] Ignoring unsupported arg: port {"metadata":{"emulator":{"name":"dataconnect"},"message":"Ignoring unsupported arg: port"}}
[debug] [2026-03-17T07:59:33.605Z] Starting Data Connect Emulator with command {"binary":"C:\\Users\\ADMIN\\.cache\\firebase\\emulators\\dataconnect-emulator-3.2.1.exe","args":["--logtostderr","-v=2","dev","--listen=localhost:50001","--config_dir=d:\\AAYUTRACK_merged_auth_profile\\merged_project\\dataconnect","--enable_output_schema_extensions=true","--enable_output_generated_sdk=true"],"optionalArgs":["listen","config_dir","enable_output_schema_extensions","enable_output_generated_sdk"],"joinArgs":true,"shell":false,"port":9399} {"metadata":{"emulator":{"name":"dataconnect"},"message":"Starting Data Connect Emulator with command {\"binary\":\"C:\\\\Users\\\\ADMIN\\\\.cache\\\\firebase\\\\emulators\\\\dataconnect-emulator-3.2.1.exe\",\"args\":[\"--logtostderr\",\"-v=2\",\"dev\",\"--listen=localhost:50001\",\"--config_dir=d:\\\\AAYUTRACK_merged_auth_profile\\\\merged_project\\\\dataconnect\",\"--enable_output_schema_extensions=true\",\"--enable_output_generated_sdk=true\"],\"optionalArgs\":[\"listen\",\"config_dir\",\"enable_output_schema_extensions\",\"enable_output_generated_sdk\"],\"joinArgs\":true,\"shell\":false,\"port\":9399}"}}
[info] i  dataconnect: Data Connect Emulator logging to dataconnect-debug.log {"metadata":{"emulator":{"name":"dataconnect"},"message":"Data Connect Emulator logging to \u001b[1mdataconnect-debug.log\u001b[22m"}}
[debug] [2026-03-17T07:59:33.851Z] <<< [apiv2][status] POST https://www.googleapis.com/oauth2/v3/token 200
[debug] [2026-03-17T07:59:33.855Z] <<< [apiv2][body] POST https://www.googleapis.com/oauth2/v3/token [omitted]
[debug] [2026-03-17T07:59:33.915Z] [Firebase Plugin] User found:  aayutrack18@gmail.com
[info] [Firebase Plugin] (Core:Project) New user detected, fetching projects
[debug] [2026-03-17T07:59:33.931Z] Checked if tokens are valid: true, expires at: 1773737972856
[debug] [2026-03-17T07:59:33.936Z] >>> [apiv2][query] GET https://firebase.googleapis.com/v1beta1/projects pageSize=1000
[debug] [2026-03-17T07:59:34.210Z] E0317 13:29:34.212116   12144 dev.go:83] Failed to load initial config from "d:\\AAYUTRACK_merged_auth_profile\\merged_project\\dataconnect": could not find dataconnect.yaml in `d:\AAYUTRACK_merged_auth_profile\merged_project\dataconnect`
 {"metadata":{"emulator":{"name":"dataconnect"},"message":"E0317 13:29:34.212116   12144 dev.go:83] Failed to load initial config from \"d:\\\\AAYUTRACK_merged_auth_profile\\\\merged_project\\\\dataconnect\": could not find dataconnect.yaml in `d:\\AAYUTRACK_merged_auth_profile\\merged_project\\dataconnect`\n"}}
[debug] [2026-03-17T07:59:34.267Z] E0317 13:29:34.271563   12144 watch.go:116] watchAllDir unable to walk dir `d:\AAYUTRACK_merged_auth_profile\merged_project\dataconnect`: CreateFile d:\AAYUTRACK_merged_auth_profile\merged_project\dataconnect: The system cannot find the file specified.
 {"metadata":{"emulator":{"name":"dataconnect"},"message":"E0317 13:29:34.271563   12144 watch.go:116] watchAllDir unable to walk dir `d:\\AAYUTRACK_merged_auth_profile\\merged_project\\dataconnect`: CreateFile d:\\AAYUTRACK_merged_auth_profile\\merged_project\\dataconnect: The system cannot find the file specified.\n"}}
[debug] [2026-03-17T07:59:34.394Z] I0317 13:29:34.397778   12144 dev.go:104] Listening on address (HTTP + gRPC): 127.0.0.1:50001
 {"metadata":{"emulator":{"name":"dataconnect"},"message":"I0317 13:29:34.397778   12144 dev.go:104] Listening on address (HTTP + gRPC): 127.0.0.1:50001\n"}}
[error] [Firebase Plugin] error:  {}
[debug] [2026-03-17T07:59:34.836Z] <<< [apiv2][status] GET https://firebase.googleapis.com/v1beta1/projects 200
[debug] [2026-03-17T07:59:34.837Z] <<< [apiv2][body] GET https://firebase.googleapis.com/v1beta1/projects [omitted]
[debug] [2026-03-17T07:59:44.270Z] E0317 13:29:44.273205   12144 watch.go:40] Failed to load config from "d:\\AAYUTRACK_merged_auth_profile\\merged_project\\dataconnect": could not find dataconnect.yaml in `d:\AAYUTRACK_merged_auth_profile\merged_project\dataconnect`
 {"metadata":{"emulator":{"name":"dataconnect"},"message":"E0317 13:29:44.273205   12144 watch.go:40] Failed to load config from \"d:\\\\AAYUTRACK_merged_auth_profile\\\\merged_project\\\\dataconnect\": could not find dataconnect.yaml in `d:\\AAYUTRACK_merged_auth_profile\\merged_project\\dataconnect`\n"}}
[debug] [2026-03-17T07:59:54.270Z] E0317 13:29:54.273463   12144 watch.go:40] Failed to load config from "d:\\AAYUTRACK_merged_auth_profile\\merged_project\\dataconnect": could not find dataconnect.yaml in `d:\AAYUTRACK_merged_auth_profile\merged_project\dataconnect`
 {"metadata":{"emulator":{"name":"dataconnect"},"message":"E0317 13:29:54.273463   12144 watch.go:40] Failed to load config from \"d:\\\\AAYUTRACK_merged_auth_profile\\\\merged_project\\\\dataconnect\": could not find dataconnect.yaml in `d:\\AAYUTRACK_merged_auth_profile\\merged_project\\dataconnect`\n"}}
[debug] [2026-03-17T08:00:04.273Z] E0317 13:30:04.276483   12144 watch.go:40] Failed to load config from "d:\\AAYUTRACK_merged_auth_profile\\merged_project\\dataconnect": could not find dataconnect.yaml in `d:\AAYUTRACK_merged_auth_profile\merged_project\dataconnect`
 {"metadata":{"emulator":{"name":"dataconnect"},"message":"E0317 13:30:04.276483   12144 watch.go:40] Failed to load config from \"d:\\\\AAYUTRACK_merged_auth_profile\\\\merged_project\\\\dataconnect\": could not find dataconnect.yaml in `d:\\AAYUTRACK_merged_auth_profile\\merged_project\\dataconnect`\n"}}
[debug] [2026-03-17T08:00:14.304Z] E0317 13:30:14.273732   12144 watch.go:40] Failed to load config from "d:\\AAYUTRACK_merged_auth_profile\\merged_project\\dataconnect": could not find dataconnect.yaml in `d:\AAYUTRACK_merged_auth_profile\merged_project\dataconnect`
 {"metadata":{"emulator":{"name":"dataconnect"},"message":"E0317 13:30:14.273732   12144 watch.go:40] Failed to load config from \"d:\\\\AAYUTRACK_merged_auth_profile\\\\merged_project\\\\dataconnect\": could not find dataconnect.yaml in `d:\\AAYUTRACK_merged_auth_profile\\merged_project\\dataconnect`\n"}}
[debug] [2026-03-17T08:00:24.269Z] E0317 13:30:24.272673   12144 watch.go:40] Failed to load config from "d:\\AAYUTRACK_merged_auth_profile\\merged_project\\dataconnect": could not find dataconnect.yaml in `d:\AAYUTRACK_merged_auth_profile\merged_project\dataconnect`
 {"metadata":{"emulator":{"name":"dataconnect"},"message":"E0317 13:30:24.272673   12144 watch.go:40] Failed to load config from \"d:\\\\AAYUTRACK_merged_auth_profile\\\\merged_project\\\\dataconnect\": could not find dataconnect.yaml in `d:\\AAYUTRACK_merged_auth_profile\\merged_project\\dataconnect`\n"}}
[debug] [2026-03-17T08:00:34.270Z] E0317 13:30:34.273675   12144 watch.go:116] watchAllDir unable to walk dir `d:\AAYUTRACK_merged_auth_profile\merged_project\dataconnect`: CreateFile d:\AAYUTRACK_merged_auth_profile\merged_project\dataconnect: The system cannot find the file specified.
 {"metadata":{"emulator":{"name":"dataconnect"},"message":"E0317 13:30:34.273675   12144 watch.go:116] watchAllDir unable to walk dir `d:\\AAYUTRACK_merged_auth_profile\\merged_project\\dataconnect`: CreateFile d:\\AAYUTRACK_merged_auth_profile\\merged_project\\dataconnect: The system cannot find the file specified.\n"}}
[debug] [2026-03-17T08:00:34.272Z] E0317 13:30:34.273675   12144 watch.go:40] Failed to load config from "d:\\AAYUTRACK_merged_auth_profile\\merged_project\\dataconnect": could not find dataconnect.yaml in `d:\AAYUTRACK_merged_auth_profile\merged_project\dataconnect`
 {"metadata":{"emulator":{"name":"dataconnect"},"message":"E0317 13:30:34.273675   12144 watch.go:40] Failed to load config from \"d:\\\\AAYUTRACK_merged_auth_profile\\\\merged_project\\\\dataconnect\": could not find dataconnect.yaml in `d:\\AAYUTRACK_merged_auth_profile\\merged_project\\dataconnect`\n"}}
[debug] [2026-03-17T08:00:44.270Z] E0317 13:30:44.273022   12144 watch.go:40] Failed to load config from "d:\\AAYUTRACK_merged_auth_profile\\merged_project\\dataconnect": could not find dataconnect.yaml in `d:\AAYUTRACK_merged_auth_profile\merged_project\dataconnect`
 {"metadata":{"emulator":{"name":"dataconnect"},"message":"E0317 13:30:44.273022   12144 watch.go:40] Failed to load config from \"d:\\\\AAYUTRACK_merged_auth_profile\\\\merged_project\\\\dataconnect\": could not find dataconnect.yaml in `d:\\AAYUTRACK_merged_auth_profile\\merged_project\\dataconnect`\n"}}
[debug] [2026-03-17T08:00:54.273Z] E0317 13:30:54.273591   12144 watch.go:40] Failed to load config from "d:\\AAYUTRACK_merged_auth_profile\\merged_project\\dataconnect": could not find dataconnect.yaml in `d:\AAYUTRACK_merged_auth_profile\merged_project\dataconnect`
 {"metadata":{"emulator":{"name":"dataconnect"},"message":"E0317 13:30:54.273591   12144 watch.go:40] Failed to load config from \"d:\\\\AAYUTRACK_merged_auth_profile\\\\merged_project\\\\dataconnect\": could not find dataconnect.yaml in `d:\\AAYUTRACK_merged_auth_profile\\merged_project\\dataconnect`\n"}}
[debug] [2026-03-17T08:01:04.272Z] E0317 13:31:04.272724   12144 watch.go:40] Failed to load config from "d:\\AAYUTRACK_merged_auth_profile\\merged_project\\dataconnect": could not find dataconnect.yaml in `d:\AAYUTRACK_merged_auth_profile\merged_project\dataconnect`
 {"metadata":{"emulator":{"name":"dataconnect"},"message":"E0317 13:31:04.272724   12144 watch.go:40] Failed to load config from \"d:\\\\AAYUTRACK_merged_auth_profile\\\\merged_project\\\\dataconnect\": could not find dataconnect.yaml in `d:\\AAYUTRACK_merged_auth_profile\\merged_project\\dataconnect`\n"}}
[debug] [2026-03-17T08:01:14.282Z] E0317 13:31:14.282633   12144 watch.go:40] Failed to load config from "d:\\AAYUTRACK_merged_auth_profile\\merged_project\\dataconnect": could not find dataconnect.yaml in `d:\AAYUTRACK_merged_auth_profile\merged_project\dataconnect`
 {"metadata":{"emulator":{"name":"dataconnect"},"message":"E0317 13:31:14.282633   12144 watch.go:40] Failed to load config from \"d:\\\\AAYUTRACK_merged_auth_profile\\\\merged_project\\\\dataconnect\": could not find dataconnect.yaml in `d:\\AAYUTRACK_merged_auth_profile\\merged_project\\dataconnect`\n"}}
[debug] [2026-03-17T08:01:24.272Z] E0317 13:31:24.272445   12144 watch.go:40] Failed to load config from "d:\\AAYUTRACK_merged_auth_profile\\merged_project\\dataconnect": could not find dataconnect.yaml in `d:\AAYUTRACK_merged_auth_profile\merged_project\dataconnect`
 {"metadata":{"emulator":{"name":"dataconnect"},"message":"E0317 13:31:24.272445   12144 watch.go:40] Failed to load config from \"d:\\\\AAYUTRACK_merged_auth_profile\\\\merged_project\\\\dataconnect\": could not find dataconnect.yaml in `d:\\AAYUTRACK_merged_auth_profile\\merged_project\\dataconnect`\n"}}
[debug] [2026-03-17T08:01:34.272Z] E0317 13:31:34.272605   12144 watch.go:116] watchAllDir unable to walk dir `d:\AAYUTRACK_merged_auth_profile\merged_project\dataconnect`: CreateFile d:\AAYUTRACK_merged_auth_profile\merged_project\dataconnect: The system cannot find the file specified.
 {"metadata":{"emulator":{"name":"dataconnect"},"message":"E0317 13:31:34.272605   12144 watch.go:116] watchAllDir unable to walk dir `d:\\AAYUTRACK_merged_auth_profile\\merged_project\\dataconnect`: CreateFile d:\\AAYUTRACK_merged_auth_profile\\merged_project\\dataconnect: The system cannot find the file specified.\n"}}
[debug] [2026-03-17T08:01:34.273Z] E0317 13:31:34.273118   12144 watch.go:40] Failed to load config from "d:\\AAYUTRACK_merged_auth_profile\\merged_project\\dataconnect": could not find dataconnect.yaml in `d:\AAYUTRACK_merged_auth_profile\merged_project\dataconnect`
 {"metadata":{"emulator":{"name":"dataconnect"},"message":"E0317 13:31:34.273118   12144 watch.go:40] Failed to load config from \"d:\\\\AAYUTRACK_merged_auth_profile\\\\merged_project\\\\dataconnect\": could not find dataconnect.yaml in `d:\\AAYUTRACK_merged_auth_profile\\merged_project\\dataconnect`\n"}}
[debug] [2026-03-17T08:01:44.282Z] E0317 13:31:44.282867   12144 watch.go:40] Failed to load config from "d:\\AAYUTRACK_merged_auth_profile\\merged_project\\dataconnect": could not find dataconnect.yaml in `d:\AAYUTRACK_merged_auth_profile\merged_project\dataconnect`
 {"metadata":{"emulator":{"name":"dataconnect"},"message":"E0317 13:31:44.282867   12144 watch.go:40] Failed to load config from \"d:\\\\AAYUTRACK_merged_auth_profile\\\\merged_project\\\\dataconnect\": could not find dataconnect.yaml in `d:\\AAYUTRACK_merged_auth_profile\\merged_project\\dataconnect`\n"}}
[debug] [2026-03-17T08:01:54.272Z] E0317 13:31:54.272789   12144 watch.go:40] Failed to load config from "d:\\AAYUTRACK_merged_auth_profile\\merged_project\\dataconnect": could not find dataconnect.yaml in `d:\AAYUTRACK_merged_auth_profile\merged_project\dataconnect`
 {"metadata":{"emulator":{"name":"dataconnect"},"message":"E0317 13:31:54.272789   12144 watch.go:40] Failed to load config from \"d:\\\\AAYUTRACK_merged_auth_profile\\\\merged_project\\\\dataconnect\": could not find dataconnect.yaml in `d:\\AAYUTRACK_merged_auth_profile\\merged_project\\dataconnect`\n"}}
[debug] [2026-03-17T08:02:04.272Z] E0317 13:32:04.272307   12144 watch.go:40] Failed to load config from "d:\\AAYUTRACK_merged_auth_profile\\merged_project\\dataconnect": could not find dataconnect.yaml in `d:\AAYUTRACK_merged_auth_profile\merged_project\dataconnect`
 {"metadata":{"emulator":{"name":"dataconnect"},"message":"E0317 13:32:04.272307   12144 watch.go:40] Failed to load config from \"d:\\\\AAYUTRACK_merged_auth_profile\\\\merged_project\\\\dataconnect\": could not find dataconnect.yaml in `d:\\AAYUTRACK_merged_auth_profile\\merged_project\\dataconnect`\n"}}
[debug] [2026-03-17T08:02:14.272Z] E0317 13:32:14.273400   12144 watch.go:40] Failed to load config from "d:\\AAYUTRACK_merged_auth_profile\\merged_project\\dataconnect": could not find dataconnect.yaml in `d:\AAYUTRACK_merged_auth_profile\merged_project\dataconnect`
 {"metadata":{"emulator":{"name":"dataconnect"},"message":"E0317 13:32:14.273400   12144 watch.go:40] Failed to load config from \"d:\\\\AAYUTRACK_merged_auth_profile\\\\merged_project\\\\dataconnect\": could not find dataconnect.yaml in `d:\\AAYUTRACK_merged_auth_profile\\merged_project\\dataconnect`\n"}}
[debug] [2026-03-17T08:02:24.273Z] E0317 13:32:24.273642   12144 watch.go:40] Failed to load config from "d:\\AAYUTRACK_merged_auth_profile\\merged_project\\dataconnect": could not find dataconnect.yaml in `d:\AAYUTRACK_merged_auth_profile\merged_project\dataconnect`
 {"metadata":{"emulator":{"name":"dataconnect"},"message":"E0317 13:32:24.273642   12144 watch.go:40] Failed to load config from \"d:\\\\AAYUTRACK_merged_auth_profile\\\\merged_project\\\\dataconnect\": could not find dataconnect.yaml in `d:\\AAYUTRACK_merged_auth_profile\\merged_project\\dataconnect`\n"}}
[debug] [2026-03-17T08:02:34.271Z] E0317 13:32:34.272490   12144 watch.go:116] watchAllDir unable to walk dir `d:\AAYUTRACK_merged_auth_profile\merged_project\dataconnect`: CreateFile d:\AAYUTRACK_merged_auth_profile\merged_project\dataconnect: The system cannot find the file specified.
 {"metadata":{"emulator":{"name":"dataconnect"},"message":"E0317 13:32:34.272490   12144 watch.go:116] watchAllDir unable to walk dir `d:\\AAYUTRACK_merged_auth_profile\\merged_project\\dataconnect`: CreateFile d:\\AAYUTRACK_merged_auth_profile\\merged_project\\dataconnect: The system cannot find the file specified.\n"}}
[debug] [2026-03-17T08:02:34.272Z] E0317 13:32:34.272490   12144 watch.go:40] Failed to load config from "d:\\AAYUTRACK_merged_auth_profile\\merged_project\\dataconnect": could not find dataconnect.yaml in `d:\AAYUTRACK_merged_auth_profile\merged_project\dataconnect`
 {"metadata":{"emulator":{"name":"dataconnect"},"message":"E0317 13:32:34.272490   12144 watch.go:40] Failed to load config from \"d:\\\\AAYUTRACK_merged_auth_profile\\\\merged_project\\\\dataconnect\": could not find dataconnect.yaml in `d:\\AAYUTRACK_merged_auth_profile\\merged_project\\dataconnect`\n"}}
[debug] [2026-03-17T08:02:44.272Z] E0317 13:32:44.273138   12144 watch.go:40] Failed to load config from "d:\\AAYUTRACK_merged_auth_profile\\merged_project\\dataconnect": could not find dataconnect.yaml in `d:\AAYUTRACK_merged_auth_profile\merged_project\dataconnect`
 {"metadata":{"emulator":{"name":"dataconnect"},"message":"E0317 13:32:44.273138   12144 watch.go:40] Failed to load config from \"d:\\\\AAYUTRACK_merged_auth_profile\\\\merged_project\\\\dataconnect\": could not find dataconnect.yaml in `d:\\AAYUTRACK_merged_auth_profile\\merged_project\\dataconnect`\n"}}
[debug] [2026-03-17T08:02:54.272Z] E0317 13:32:54.273238   12144 watch.go:40] Failed to load config from "d:\\AAYUTRACK_merged_auth_profile\\merged_project\\dataconnect": could not find dataconnect.yaml in `d:\AAYUTRACK_merged_auth_profile\merged_project\dataconnect`
 {"metadata":{"emulator":{"name":"dataconnect"},"message":"E0317 13:32:54.273238   12144 watch.go:40] Failed to load config from \"d:\\\\AAYUTRACK_merged_auth_profile\\\\merged_project\\\\dataconnect\": could not find dataconnect.yaml in `d:\\AAYUTRACK_merged_auth_profile\\merged_project\\dataconnect`\n"}}
[debug] [2026-03-17T08:03:04.308Z] E0317 13:33:04.302431   12144 watch.go:40] Failed to load config from "d:\\AAYUTRACK_merged_auth_profile\\merged_project\\dataconnect": could not find dataconnect.yaml in `d:\AAYUTRACK_merged_auth_profile\merged_project\dataconnect`
 {"metadata":{"emulator":{"name":"dataconnect"},"message":"E0317 13:33:04.302431   12144 watch.go:40] Failed to load config from \"d:\\\\AAYUTRACK_merged_auth_profile\\\\merged_project\\\\dataconnect\": could not find dataconnect.yaml in `d:\\AAYUTRACK_merged_auth_profile\\merged_project\\dataconnect`\n"}}
[debug] [2026-03-17T08:03:14.276Z] E0317 13:33:14.277150   12144 watch.go:40] Failed to load config from "d:\\AAYUTRACK_merged_auth_profile\\merged_project\\dataconnect": could not find dataconnect.yaml in `d:\AAYUTRACK_merged_auth_profile\merged_project\dataconnect`
 {"metadata":{"emulator":{"name":"dataconnect"},"message":"E0317 13:33:14.277150   12144 watch.go:40] Failed to load config from \"d:\\\\AAYUTRACK_merged_auth_profile\\\\merged_project\\\\dataconnect\": could not find dataconnect.yaml in `d:\\AAYUTRACK_merged_auth_profile\\merged_project\\dataconnect`\n"}}
[debug] [2026-03-17T08:03:24.272Z] E0317 13:33:24.272914   12144 watch.go:40] Failed to load config from "d:\\AAYUTRACK_merged_auth_profile\\merged_project\\dataconnect": could not find dataconnect.yaml in `d:\AAYUTRACK_merged_auth_profile\merged_project\dataconnect`
 {"metadata":{"emulator":{"name":"dataconnect"},"message":"E0317 13:33:24.272914   12144 watch.go:40] Failed to load config from \"d:\\\\AAYUTRACK_merged_auth_profile\\\\merged_project\\\\dataconnect\": could not find dataconnect.yaml in `d:\\AAYUTRACK_merged_auth_profile\\merged_project\\dataconnect`\n"}}
[debug] [2026-03-17T08:03:34.275Z] E0317 13:33:34.275395   12144 watch.go:116] watchAllDir unable to walk dir `d:\AAYUTRACK_merged_auth_profile\merged_project\dataconnect`: CreateFile d:\AAYUTRACK_merged_auth_profile\merged_project\dataconnect: The system cannot find the file specified.
 {"metadata":{"emulator":{"name":"dataconnect"},"message":"E0317 13:33:34.275395   12144 watch.go:116] watchAllDir unable to walk dir `d:\\AAYUTRACK_merged_auth_profile\\merged_project\\dataconnect`: CreateFile d:\\AAYUTRACK_merged_auth_profile\\merged_project\\dataconnect: The system cannot find the file specified.\n"}}
[debug] [2026-03-17T08:03:34.276Z] E0317 13:33:34.275907   12144 watch.go:40] Failed to load config from "d:\\AAYUTRACK_merged_auth_profile\\merged_project\\dataconnect": could not find dataconnect.yaml in `d:\AAYUTRACK_merged_auth_profile\merged_project\dataconnect`
 {"metadata":{"emulator":{"name":"dataconnect"},"message":"E0317 13:33:34.275907   12144 watch.go:40] Failed to load config from \"d:\\\\AAYUTRACK_merged_auth_profile\\\\merged_project\\\\dataconnect\": could not find dataconnect.yaml in `d:\\AAYUTRACK_merged_auth_profile\\merged_project\\dataconnect`\n"}}
[debug] [2026-03-17T08:03:44.272Z] E0317 13:33:44.272760   12144 watch.go:40] Failed to load config from "d:\\AAYUTRACK_merged_auth_profile\\merged_project\\dataconnect": could not find dataconnect.yaml in `d:\AAYUTRACK_merged_auth_profile\merged_project\dataconnect`
 {"metadata":{"emulator":{"name":"dataconnect"},"message":"E0317 13:33:44.272760   12144 watch.go:40] Failed to load config from \"d:\\\\AAYUTRACK_merged_auth_profile\\\\merged_project\\\\dataconnect\": could not find dataconnect.yaml in `d:\\AAYUTRACK_merged_auth_profile\\merged_project\\dataconnect`\n"}}
[debug] [2026-03-17T08:03:54.275Z] E0317 13:33:54.275653   12144 watch.go:40] Failed to load config from "d:\\AAYUTRACK_merged_auth_profile\\merged_project\\dataconnect": could not find dataconnect.yaml in `d:\AAYUTRACK_merged_auth_profile\merged_project\dataconnect`
 {"metadata":{"emulator":{"name":"dataconnect"},"message":"E0317 13:33:54.275653   12144 watch.go:40] Failed to load config from \"d:\\\\AAYUTRACK_merged_auth_profile\\\\merged_project\\\\dataconnect\": could not find dataconnect.yaml in `d:\\AAYUTRACK_merged_auth_profile\\merged_project\\dataconnect`\n"}}
[debug] [2026-03-17T08:04:04.340Z] E0317 13:34:04.340108   12144 watch.go:40] Failed to load config from "d:\\AAYUTRACK_merged_auth_profile\\merged_project\\dataconnect": could not find dataconnect.yaml in `d:\AAYUTRACK_merged_auth_profile\merged_project\dataconnect`
 {"metadata":{"emulator":{"name":"dataconnect"},"message":"E0317 13:34:04.340108   12144 watch.go:40] Failed to load config from \"d:\\\\AAYUTRACK_merged_auth_profile\\\\merged_project\\\\dataconnect\": could not find dataconnect.yaml in `d:\\AAYUTRACK_merged_auth_profile\\merged_project\\dataconnect`\n"}}
[debug] [2026-03-17T08:04:14.274Z] E0317 13:34:14.274554   12144 watch.go:40] Failed to load config from "d:\\AAYUTRACK_merged_auth_profile\\merged_project\\dataconnect": could not find dataconnect.yaml in `d:\AAYUTRACK_merged_auth_profile\merged_project\dataconnect`
 {"metadata":{"emulator":{"name":"dataconnect"},"message":"E0317 13:34:14.274554   12144 watch.go:40] Failed to load config from \"d:\\\\AAYUTRACK_merged_auth_profile\\\\merged_project\\\\dataconnect\": could not find dataconnect.yaml in `d:\\AAYUTRACK_merged_auth_profile\\merged_project\\dataconnect`\n"}}
[debug] [2026-03-17T08:04:24.272Z] E0317 13:34:24.272856   12144 watch.go:40] Failed to load config from "d:\\AAYUTRACK_merged_auth_profile\\merged_project\\dataconnect": could not find dataconnect.yaml in `d:\AAYUTRACK_merged_auth_profile\merged_project\dataconnect`
 {"metadata":{"emulator":{"name":"dataconnect"},"message":"E0317 13:34:24.272856   12144 watch.go:40] Failed to load config from \"d:\\\\AAYUTRACK_merged_auth_profile\\\\merged_project\\\\dataconnect\": could not find dataconnect.yaml in `d:\\AAYUTRACK_merged_auth_profile\\merged_project\\dataconnect`\n"}}
[debug] [2026-03-17T08:04:34.272Z] E0317 13:34:34.272740   12144 watch.go:116] watchAllDir unable to walk dir `d:\AAYUTRACK_merged_auth_profile\merged_project\dataconnect`: CreateFile d:\AAYUTRACK_merged_auth_profile\merged_project\dataconnect: The system cannot find the file specified.
 {"metadata":{"emulator":{"name":"dataconnect"},"message":"E0317 13:34:34.272740   12144 watch.go:116] watchAllDir unable to walk dir `d:\\AAYUTRACK_merged_auth_profile\\merged_project\\dataconnect`: CreateFile d:\\AAYUTRACK_merged_auth_profile\\merged_project\\dataconnect: The system cannot find the file specified.\n"}}
[debug] [2026-03-17T08:04:34.274Z] E0317 13:34:34.273254   12144 watch.go:40] Failed to load config from "d:\\AAYUTRACK_merged_auth_profile\\merged_project\\dataconnect": could not find dataconnect.yaml in `d:\AAYUTRACK_merged_auth_profile\merged_project\dataconnect`
 {"metadata":{"emulator":{"name":"dataconnect"},"message":"E0317 13:34:34.273254   12144 watch.go:40] Failed to load config from \"d:\\\\AAYUTRACK_merged_auth_profile\\\\merged_project\\\\dataconnect\": could not find dataconnect.yaml in `d:\\AAYUTRACK_merged_auth_profile\\merged_project\\dataconnect`\n"}}
[debug] [2026-03-17T08:04:44.272Z] E0317 13:34:44.273062   12144 watch.go:40] Failed to load config from "d:\\AAYUTRACK_merged_auth_profile\\merged_project\\dataconnect": could not find dataconnect.yaml in `d:\AAYUTRACK_merged_auth_profile\merged_project\dataconnect`
 {"metadata":{"emulator":{"name":"dataconnect"},"message":"E0317 13:34:44.273062   12144 watch.go:40] Failed to load config from \"d:\\\\AAYUTRACK_merged_auth_profile\\\\merged_project\\\\dataconnect\": could not find dataconnect.yaml in `d:\\AAYUTRACK_merged_auth_profile\\merged_project\\dataconnect`\n"}}
[debug] [2026-03-17T08:04:54.272Z] E0317 13:34:54.273315   12144 watch.go:40] Failed to load config from "d:\\AAYUTRACK_merged_auth_profile\\merged_project\\dataconnect": could not find dataconnect.yaml in `d:\AAYUTRACK_merged_auth_profile\merged_project\dataconnect`
 {"metadata":{"emulator":{"name":"dataconnect"},"message":"E0317 13:34:54.273315   12144 watch.go:40] Failed to load config from \"d:\\\\AAYUTRACK_merged_auth_profile\\\\merged_project\\\\dataconnect\": could not find dataconnect.yaml in `d:\\AAYUTRACK_merged_auth_profile\\merged_project\\dataconnect`\n"}}
[debug] [2026-03-17T08:05:04.272Z] E0317 13:35:04.272623   12144 watch.go:40] Failed to load config from "d:\\AAYUTRACK_merged_auth_profile\\merged_project\\dataconnect": could not find dataconnect.yaml in `d:\AAYUTRACK_merged_auth_profile\merged_project\dataconnect`
 {"metadata":{"emulator":{"name":"dataconnect"},"message":"E0317 13:35:04.272623   12144 watch.go:40] Failed to load config from \"d:\\\\AAYUTRACK_merged_auth_profile\\\\merged_project\\\\dataconnect\": could not find dataconnect.yaml in `d:\\AAYUTRACK_merged_auth_profile\\merged_project\\dataconnect`\n"}}
[debug] [2026-03-17T08:05:14.274Z] E0317 13:35:14.273541   12144 watch.go:40] Failed to load config from "d:\\AAYUTRACK_merged_auth_profile\\merged_project\\dataconnect": could not find dataconnect.yaml in `d:\AAYUTRACK_merged_auth_profile\merged_project\dataconnect`
 {"metadata":{"emulator":{"name":"dataconnect"},"message":"E0317 13:35:14.273541   12144 watch.go:40] Failed to load config from \"d:\\\\AAYUTRACK_merged_auth_profile\\\\merged_project\\\\dataconnect\": could not find dataconnect.yaml in `d:\\AAYUTRACK_merged_auth_profile\\merged_project\\dataconnect`\n"}}
[debug] [2026-03-17T08:05:24.273Z] E0317 13:35:24.272859   12144 watch.go:40] Failed to load config from "d:\\AAYUTRACK_merged_auth_profile\\merged_project\\dataconnect": could not find dataconnect.yaml in `d:\AAYUTRACK_merged_auth_profile\merged_project\dataconnect`
 {"metadata":{"emulator":{"name":"dataconnect"},"message":"E0317 13:35:24.272859   12144 watch.go:40] Failed to load config from \"d:\\\\AAYUTRACK_merged_auth_profile\\\\merged_project\\\\dataconnect\": could not find dataconnect.yaml in `d:\\AAYUTRACK_merged_auth_profile\\merged_project\\dataconnect`\n"}}
[debug] [2026-03-17T08:05:34.273Z] E0317 13:35:34.272951   12144 watch.go:116] watchAllDir unable to walk dir `d:\AAYUTRACK_merged_auth_profile\merged_project\dataconnect`: CreateFile d:\AAYUTRACK_merged_auth_profile\merged_project\dataconnect: The system cannot find the file specified.
 {"metadata":{"emulator":{"name":"dataconnect"},"message":"E0317 13:35:34.272951   12144 watch.go:116] watchAllDir unable to walk dir `d:\\AAYUTRACK_merged_auth_profile\\merged_project\\dataconnect`: CreateFile d:\\AAYUTRACK_merged_auth_profile\\merged_project\\dataconnect: The system cannot find the file specified.\n"}}
[debug] [2026-03-17T08:05:34.274Z] E0317 13:35:34.273239   12144 watch.go:40] Failed to load config from "d:\\AAYUTRACK_merged_auth_profile\\merged_project\\dataconnect": could not find dataconnect.yaml in `d:\AAYUTRACK_merged_auth_profile\merged_project\dataconnect`
 {"metadata":{"emulator":{"name":"dataconnect"},"message":"E0317 13:35:34.273239   12144 watch.go:40] Failed to load config from \"d:\\\\AAYUTRACK_merged_auth_profile\\\\merged_project\\\\dataconnect\": could not find dataconnect.yaml in `d:\\AAYUTRACK_merged_auth_profile\\merged_project\\dataconnect`\n"}}
[debug] [2026-03-17T08:05:44.273Z] E0317 13:35:44.273115   12144 watch.go:40] Failed to load config from "d:\\AAYUTRACK_merged_auth_profile\\merged_project\\dataconnect": could not find dataconnect.yaml in `d:\AAYUTRACK_merged_auth_profile\merged_project\dataconnect`
 {"metadata":{"emulator":{"name":"dataconnect"},"message":"E0317 13:35:44.273115   12144 watch.go:40] Failed to load config from \"d:\\\\AAYUTRACK_merged_auth_profile\\\\merged_project\\\\dataconnect\": could not find dataconnect.yaml in `d:\\AAYUTRACK_merged_auth_profile\\merged_project\\dataconnect`\n"}}
[debug] [2026-03-17T08:05:54.273Z] E0317 13:35:54.273458   12144 watch.go:40] Failed to load config from "d:\\AAYUTRACK_merged_auth_profile\\merged_project\\dataconnect": could not find dataconnect.yaml in `d:\AAYUTRACK_merged_auth_profile\merged_project\dataconnect`
 {"metadata":{"emulator":{"name":"dataconnect"},"message":"E0317 13:35:54.273458   12144 watch.go:40] Failed to load config from \"d:\\\\AAYUTRACK_merged_auth_profile\\\\merged_project\\\\dataconnect\": could not find dataconnect.yaml in `d:\\AAYUTRACK_merged_auth_profile\\merged_project\\dataconnect`\n"}}
[debug] [2026-03-17T08:06:04.274Z] E0317 13:36:04.274446   12144 watch.go:40] Failed to load config from "d:\\AAYUTRACK_merged_auth_profile\\merged_project\\dataconnect": could not find dataconnect.yaml in `d:\AAYUTRACK_merged_auth_profile\merged_project\dataconnect`
 {"metadata":{"emulator":{"name":"dataconnect"},"message":"E0317 13:36:04.274446   12144 watch.go:40] Failed to load config from \"d:\\\\AAYUTRACK_merged_auth_profile\\\\merged_project\\\\dataconnect\": could not find dataconnect.yaml in `d:\\AAYUTRACK_merged_auth_profile\\merged_project\\dataconnect`\n"}}
[debug] [2026-03-17T08:06:14.273Z] E0317 13:36:14.273628   12144 watch.go:40] Failed to load config from "d:\\AAYUTRACK_merged_auth_profile\\merged_project\\dataconnect": could not find dataconnect.yaml in `d:\AAYUTRACK_merged_auth_profile\merged_project\dataconnect`
 {"metadata":{"emulator":{"name":"dataconnect"},"message":"E0317 13:36:14.273628   12144 watch.go:40] Failed to load config from \"d:\\\\AAYUTRACK_merged_auth_profile\\\\merged_project\\\\dataconnect\": could not find dataconnect.yaml in `d:\\AAYUTRACK_merged_auth_profile\\merged_project\\dataconnect`\n"}}
[debug] [2026-03-17T08:06:24.273Z] E0317 13:36:24.273244   12144 watch.go:40] Failed to load config from "d:\\AAYUTRACK_merged_auth_profile\\merged_project\\dataconnect": could not find dataconnect.yaml in `d:\AAYUTRACK_merged_auth_profile\merged_project\dataconnect`
 {"metadata":{"emulator":{"name":"dataconnect"},"message":"E0317 13:36:24.273244   12144 watch.go:40] Failed to load config from \"d:\\\\AAYUTRACK_merged_auth_profile\\\\merged_project\\\\dataconnect\": could not find dataconnect.yaml in `d:\\AAYUTRACK_merged_auth_profile\\merged_project\\dataconnect`\n"}}
[debug] [2026-03-17T08:06:34.272Z] E0317 13:36:34.272832   12144 watch.go:116] watchAllDir unable to walk dir `d:\AAYUTRACK_merged_auth_profile\merged_project\dataconnect`: CreateFile d:\AAYUTRACK_merged_auth_profile\merged_project\dataconnect: The system cannot find the file specified.
E0317 13:36:34.273123   12144 watch.go:40] Failed to load config from "d:\\AAYUTRACK_merged_auth_profile\\merged_project\\dataconnect": could not find dataconnect.yaml in `d:\AAYUTRACK_merged_auth_profile\merged_project\dataconnect`
 {"metadata":{"emulator":{"name":"dataconnect"},"message":"E0317 13:36:34.272832   12144 watch.go:116] watchAllDir unable to walk dir `d:\\AAYUTRACK_merged_auth_profile\\merged_project\\dataconnect`: CreateFile d:\\AAYUTRACK_merged_auth_profile\\merged_project\\dataconnect: The system cannot find the file specified.\nE0317 13:36:34.273123   12144 watch.go:40] Failed to load config from \"d:\\\\AAYUTRACK_merged_auth_profile\\\\merged_project\\\\dataconnect\": could not find dataconnect.yaml in `d:\\AAYUTRACK_merged_auth_profile\\merged_project\\dataconnect`\n"}}
